// Jest Snapshot v1, https://goo.gl/fbAQLP

exports[`render App 1`] = `
<DocumentFragment>
  <div
    class="css-16cliik"
  >
    <div
      class="css-x0l4uv"
    >
      <div
        class="css-1lu5s7y"
        role="headerTitle"
      >
        Дз №4
      </div>
      <div
        class="css-1ng1nrc"
      >
        Поиск:
        <input
          role="filterInput"
        />
      </div>
    </div>
    <div
      class="css-ezy4n0"
    >
      <p
        role="dataMessage"
      >
        Нет данных
      </p>
    </div>
    <div
      class="css-1co368a"
    >
      <p
        role="userCount"
      >
        Количество пользователей: 0
      </p>
    </div>
  </div>
</DocumentFragment>
`;
